Microchip Technology Inc, v1.33 (A)

Tool Name:
  /Applications/microchip/xc16/v1.33/bin/bin/../bin/elf-ld

Command:
  -p30F6014A \
  -o \
  dist/default/production/demoGCtronic.X.production.elf \
  -L/Applications/microchip/xc16/v1.33/bin/bin/.. \
  -L/Applications/microchip/xc16/v1.33/bin/bin/../../lib \
  -L/Applications/microchip/xc16/v1.33/bin/bin/../../support/PIC24E/gld \
  -L/Applications/microchip/xc16/v1.33/bin/bin/../../support/PIC24F/gld \
  -L/Applications/microchip/xc16/v1.33/bin/bin/../../support/PIC24H/gld \
  -L/Applications/microchip/xc16/v1.33/bin/bin/../../support/dsPIC30F/gld \
  -L/Applications/microchip/xc16/v1.33/bin/bin/../../support/dsPIC33C/gld \
  -L/Applications/microchip/xc16/v1.33/bin/bin/../../support/dsPIC33E/gld \
  -L/Applications/microchip/xc16/v1.33/bin/bin/../../support/dsPIC33F/gld \
  build/default/production/_ext/1472/Asercom.o \
  build/default/production/_ext/1472/DataEEPROM.o \
  build/default/production/_ext/1472/main_c.o \
  build/default/production/_ext/1472/runaccelerometer.o \
  build/default/production/_ext/1472/runbreitenberg_adv.o \
  build/default/production/_ext/1472/rungrounddirection.o \
  build/default/production/_ext/1472/runshow.o \
  build/default/production/_ext/1472/runwallfollow.o \
  build/default/production/_ext/1472/translatorI2C.o \
  build/default/production/_ext/1949949662/e_led.o \
  build/default/production/_ext/1949949662/e_motors.o \
  build/default/production/_ext/1362274096/e_ad_conv.o \
  build/default/production/_ext/904308887/utility.o \
  build/default/production/_ext/417766185/e_I2C_master_module.o \
  build/default/production/_ext/930121020/e_common.o \
  build/default/production/_ext/1362274096/e_acc.o \
  build/default/production/_ext/64492303/e_uart1_tx_char.o \
  build/default/production/_ext/64492303/e_uart2_tx_char.o \
  build/default/production/_ext/64492303/e_uart2_rx_char.o \
  build/default/production/_ext/64492303/e_uart1_rx_char.o \
  build/default/production/_ext/1949949662/e_remote_control.o \
  build/default/production/_ext/1259340286/e_init_port.o \
  build/default/production/_ext/1949949662/e_agenda.o \
  build/default/production/_ext/417766185/e_I2C_protocol.o \
  build/default/production/_ext/1362274096/e_prox.o \
  build/default/production/_ext/2015481517/e_sound.o \
  build/default/production/_ext/930121020/e_po6030k_registers.o \
  build/default/production/_ext/930121020/e_po3030k_registers.o \
  build/default/production/_ext/930121020/e_po8030d_registers.o \
  build/default/production/_ext/2015481517/e_sub_dci_kickoff.o \
  build/default/production/_ext/2015481517/e_init_dci_master.o \
  build/default/production/_ext/2015481517/e_init_codec_slave.o \
  build/default/production/_ext/1362274096/e_micro.o \
  build/default/production/_ext/663421589/e_bluetooth.o \
  build/default/production/_ext/930121020/e_calc_po3030k.o \
  build/default/production/_ext/930121020/e_calc_po6030k.o \
  build/default/production/_ext/930121020/e_calc_po8030d.o \
  build/default/production/_ext/930121020/e_timers.o \
  build/default/production/_ext/64492303/e_init_uart1.o \
  build/default/production/_ext/64492303/e_init_uart2.o \
  build/default/production/_ext/2015481517/e_const_sound.o \
  build/default/production/_ext/2015481517/e_isr_dci.o \
  build/default/production/_ext/930121020/e_interrupt.o \
  build/default/production/_ext/851769008/e_lsm330.o \
  build/default/production/_ext/1472/rungyroscope.o \
  build/default/production/_ext/1472/runsquare.o \
  build/default/production/_ext/1472/rundetectsound.o \
  build/default/production/_ext/1472/love.o \
  build/default/production/_ext/1472/aggressive.o \
  build/default/production/_ext/1472/colour_recognition.o \
  build/default/production/_ext/1472/fear.o \
  build/default/production/_ext/1472/curious.o \
  --defsym=__MPLAB_BUILD=1 \
  -Tp30F6014A.gld.00 \
  --heap=128 \
  --stack=500 \
  --check-sections \
  --data-init \
  --pack-data \
  --handles \
  --isr \
  --no-gc-sections \
  --fill-upper=0 \
  --stackguard=16 \
  --library-path=C:/Program Files/Microchip/MPLAB C30/lib \
  --library-path=C:/Program Files (x86)/Microchip/MPLAB C30/support/dsPIC30F/gld \
  --no-force-link \
  --smart-io \
  -Map=dist/default/production/demoGCtronic.X.production.map \
  --report-mem \
  --memorysummary \
  dist/default/production/memoryfile.xml \
  -start-group \
  --library=pic30-elf \
  --library=m-elf \
  --library=c-elf \
  -end-group \


Optional library libp30F6014A.a not found
Archive member included because of file (symbol)

/Applications/microchip/xc16/v1.33/bin/bin/../../lib/libpic30-elf.a(crt0_standard.o)
                              (__resetPRI)
/Applications/microchip/xc16/v1.33/bin/bin/../../lib/libpic30-elf.a(data_init_standard.o)
                              /Applications/microchip/xc16/v1.33/bin/bin/../../lib/libpic30-elf.a(crt0_standard.o) (__data_init_standard)
/Applications/microchip/xc16/v1.33/bin/bin/../../lib/libpic30-elf.a(crt_start_mode_normal.eo)
[...]
Memory Configuration

Name             Origin             Length             Attributes
data             0x000800           0x002000           a !xr
reset            0x000000           0x000004  
ivt              0x000004           0x00007c  
_reserved        0x000080           0x000004  
aivt             0x000084           0x00007c  
program          0x000100           0x017f00           xr
eedata           0x7ff000           0x001000  
FUID0            0x8005c0           0x000002  
FUID1            0x8005c2           0x000002  
FUID2            0x8005c4           0x000002  
FUID3            0x8005c6           0x000002  
FOSC             0xf80000           0x000002  
FWDT             0xf80002           0x000002  
FBORPOR          0xf80004           0x000002  
FBS              0xf80006           0x000002  
FSS              0xf80008           0x000002  
FGS              0xf8000a           0x000002  
FICD             0xf8000c           0x000002  
*default*        0x000000           0xffffffff  

Linker script and memory map

LOAD build/default/production/_ext/1472/Asercom.o
LOAD build/default/production/_ext/1472/DataEEPROM.o
LOAD build/default/production/_ext/1472/main_c.o
LOAD build/default/production/_ext/1472/runaccelerometer.o
LOAD build/default/production/_ext/1472/runbreitenberg_adv.o
LOAD build/default/production/_ext/1472/rungrounddirection.o
LOAD build/default/production/_ext/1472/runshow.o
LOAD build/default/production/_ext/1472/runwallfollow.o
LOAD build/default/production/_ext/1472/translatorI2C.o
LOAD build/default/production/_ext/1949949662/e_led.o
LOAD build/default/production/_ext/1949949662/e_motors.o
LOAD build/default/production/_ext/1362274096/e_ad_conv.o
LOAD build/default/production/_ext/904308887/utility.o
LOAD build/default/production/_ext/417766185/e_I2C_master_module.o
LOAD build/default/production/_ext/930121020/e_common.o
LOAD build/default/production/_ext/1362274096/e_acc.o
LOAD build/default/production/_ext/64492303/e_uart1_tx_char.o
LOAD build/default/production/_ext/64492303/e_uart2_tx_char.o
LOAD build/default/production/_ext/64492303/e_uart2_rx_char.o
LOAD build/default/production/_ext/64492303/e_uart1_rx_char.o
LOAD build/default/production/_ext/1949949662/e_remote_control.o
LOAD build/default/production/_ext/1259340286/e_init_port.o
LOAD build/default/production/_ext/1949949662/e_agenda.o
LOAD build/default/production/_ext/417766185/e_I2C_protocol.o
LOAD build/default/production/_ext/1362274096/e_prox.o
LOAD build/default/production/_ext/2015481517/e_sound.o
LOAD build/default/production/_ext/930121020/e_po6030k_registers.o
LOAD build/default/production/_ext/930121020/e_po3030k_registers.o
LOAD build/default/production/_ext/930121020/e_po8030d_registers.o
LOAD build/default/production/_ext/2015481517/e_sub_dci_kickoff.o
LOAD build/default/production/_ext/2015481517/e_init_dci_master.o
LOAD build/default/production/_ext/2015481517/e_init_codec_slave.o
LOAD build/default/production/_ext/1362274096/e_micro.o
LOAD build/default/production/_ext/663421589/e_bluetooth.o
LOAD build/default/production/_ext/930121020/e_calc_po3030k.o
LOAD build/default/production/_ext/930121020/e_calc_po6030k.o
LOAD build/default/production/_ext/930121020/e_calc_po8030d.o
LOAD build/default/production/_ext/930121020/e_timers.o
LOAD build/default/production/_ext/64492303/e_init_uart1.o
LOAD build/default/production/_ext/64492303/e_init_uart2.o
LOAD build/default/production/_ext/2015481517/e_const_sound.o
LOAD build/default/production/_ext/2015481517/e_isr_dci.o
LOAD build/default/production/_ext/930121020/e_interrupt.o
LOAD build/default/production/_ext/851769008/e_lsm330.o
LOAD build/default/production/_ext/1472/rungyroscope.o
LOAD build/default/production/_ext/1472/runsquare.o
LOAD build/default/production/_ext/1472/rundetectsound.o
LOAD build/default/production/_ext/1472/love.o
LOAD build/default/production/_ext/1472/aggressive.o
LOAD build/default/production/_ext/1472/colour_recognition.o
LOAD build/default/production/_ext/1472/fear.o
LOAD build/default/production/_ext/1472/curious.o
                    0x0001                  __MPLAB_BUILD = 0x1
LOAD p30F6014A
LOAD /Applications/microchip/xc16/v1.33/bin/bin/../../lib/libfx-elf.a
                    0x8005c0                  __FUID0 = 0x8005c0
                    0x8005c2                  __FUID1 = 0x8005c2
                    0x8005c4                  __FUID2 = 0x8005c4
                    0x8005c6                  __FUID3 = 0x8005c6
                    0xf80000                  __FOSC = 0xf80000
                    0xf80002                  __FWDT = 0xf80002
                    0xf80004                  __FBORPOR = 0xf80004
                    0xf80006                  __FBS = 0xf80006
                    0xf80008                  __FSS = 0xf80008
                    0xf8000a                  __FGS = 0xf8000a
                    0xf8000c                  __FICD = 0xf8000c
                    0x0100                  __CODE_BASE = 0x100
                    0x17f00                  __CODE_LENGTH = 0x17f00
                    0x0004                  __IVT_BASE = 0x4
                    0x0084                  __AIVT_BASE = 0x84
                    0x0800                  __DATA_BASE = 0x800
                    0x2000                  __DATA_LENGTH = 0x2000
                    0x1800                  __YDATA_BASE = 0x1800

.reset            0x000000          0x4
                  0x000000          0x2 SHORT 0x100 ABSOLUTE (__reset)
                  0x000001          0x2 SHORT 0x4
                  0x000002          0x2 SHORT 0x0 ((ABSOLUTE (__reset) >> 0x10) & 0x7f)
                  0x000003          0x2 SHORT 0x0

.text             0x000100       0x267c
 *(.init)
 .init            0x000100         0x4c /Applications/microchip/xc16/v1.33/bin/bin/../../lib/libpic30-elf.a(crt0_standard.o)
                  0x000100                  __reset
                  0x000100                  __resetPRI
                  0x00013c                  __psv_init
 .init            0x00014c         0x7c /Applications/microchip/xc16/v1.33/bin/bin/../../lib/libpic30-elf.a(data_init_standard.o)
                  0x000152                  __data_init
                  0x000152                  __data_init_standard
 *(.user_init)
 *(.handle)
 .handle          0x0001c8         0x28 jump_table
 *(.isr*)
 .isr.text        0x0001f0        0x45a build/default/production/_ext/1362274096/e_ad_conv.o
                  0x0001f0                  __ADCInterrupt
 .isr.text        0x00064a         0x1a build/default/production/_ext/417766185/e_I2C_master_module.o
                  0x00064a                  __MI2CInterrupt
 .isr.text        0x000664         0x42 build/default/production/_ext/1949949662/e_remote_control.o
                  0x000664                  __INT0Interrupt
 .isr.text        0x0006a6         0x6c build/default/production/_ext/1949949662/e_agenda.o
                  0x0006a6                  __T2Interrupt
 .isr.text        0x000712         0x18 build/default/production/_ext/930121020/e_timers.o
                  0x000712                  __T5Interrupt
 .isr             0x00072a          0x4 default_isr
                  0x00072a                  __DefaultInterrupt
 *(.libc)
 .libc            0x00072e         0x14 /Applications/microchip/xc16/v1.33/bin/bin/../../lib/libc-elf.a(isalpha.eso)
                  0x00072e                  _isalpha
 .libc            0x000742         0x10 /Applications/microchip/xc16/v1.33/bin/bin/../../lib/libc-elf.a(isspace.eso)
                  0x000742                  _isspace
 .libc            0x000752          0xc /Applications/microchip/xc16/v1.33/bin/bin/../../lib/libc-elf.a(isupper.eso)
                  0x000752                  _isupper
 .libc            0x00075e          0xe /Applications/microchip/xc16/v1.33/bin/bin/../../lib/libc-elf.a(tolower.eso)
                  0x00075e                  _tolower
 .libc            0x00076c          0xe /Applications/microchip/xc16/v1.33/bin/bin/../../lib/libc-elf.a(toupper.eso)
                  0x00076c                  _toupper
 .libc            0x00077a         0x10 /Applications/microchip/xc16/v1.33/bin/bin/../../lib/libpic30-elf.a(_exit.eo)
                  0x00077a                  __exit
 .libc            0x00078a         0x90 /Applications/microchip/xc16/v1.33/bin/bin/../../lib/libpic30-elf.a(read.eo)
                  0x00078a                  _read
 .libc            0x00081a         0x84 /Applications/microchip/xc16/v1.33/bin/bin/../../lib/libpic30-elf.a(write.eo)
                  0x00081a                  _write
 .libc            0x00089e         0x28 /Applications/microchip/xc16/v1.33/bin/bin/../../lib/libpic30-elf.a(sbrk.eo)
                  0x00089e                  _sbrk
 .libc            0x0008c6         0x1a /Applications/microchip/xc16/v1.33/bin/bin/../../lib/libpic30-elf.a(brk.elo)
                  0x0008c6                  _brk
 *(.libm)
 *(.libdsp)
 *(.lib*)
 .libpic30_crt_start_mode
                  0x0008e0          0x2 /Applications/microchip/xc16/v1.33/bin/bin/../../lib/libpic30-elf.a(crt_start_mode_normal.eo)
                  0x0008e0                  __crt_start_mode_normal
                  0x0008e0                  __crt_start_mode
 .libm.subsf3     0x0008e2         0xbc /Applications/microchip/xc16/v1.33/bin/bin/../../lib/libm-elf.a(addsf3.eo)
                  0x0008e2                  ___subsf3
                  0x0008e4                  ___addsf3
 .libm.atanf      0x00099e         0x3a /Applications/microchip/xc16/v1.33/bin/bin/../../lib/libm-elf.a(atan2f.eo)
                  0x00099e                  _atan2f
 .libm.atanf      0x0009d8         0xca /Applications/microchip/xc16/v1.33/bin/bin/../../lib/libm-elf.a(atanf.eo)
                  0x0009d8                  _atanf
 .libm.divfs3     0x000aa2         0x84 /Applications/microchip/xc16/v1.33/bin/bin/../../lib/libm-elf.a(divsf3.eo)
                  0x000aa2                  ___divsf3
 .libm.divsi3     0x000b26         0x1e /Applications/microchip/xc16/v1.33/bin/bin/../../lib/libm-elf.a(divsi3.eo)
                  0x000b26                  ___divsi3
 .libm.eqsf2      0x000b44          0x4 /Applications/microchip/xc16/v1.33/bin/bin/../../lib/libm-elf.a(feqltle.eo)
                  0x000b44                  ___lesf2
                  0x000b44                  ___eqsf2
                  0x000b44                  ___ltsf2
 .libm.gtsf2      0x000b48          0x4 /Applications/microchip/xc16/v1.33/bin/bin/../../lib/libm-elf.a(fgtge.eo)
                  0x000b48                  ___gtsf2
                  0x000b48                  ___gesf2
 .libm.fixsfsi    0x000b4c         0x42 /Applications/microchip/xc16/v1.33/bin/bin/../../lib/libm-elf.a(fixsfsi.eo)
                  0x000b4c                  _(float, int, long long, short, float, short, int)
 .libm.fixunssfsi
                  0x000b8e         0x36 /Applications/microchip/xc16/v1.33/bin/bin/../../lib/libm-elf.a(fixunssfsi.eo)
                  0x000b8e                  ___fixunssfsi
 .libm.floatsisf
                  0x000bc4          0x6 /Applications/microchip/xc16/v1.33/bin/bin/../../lib/libm-elf.a(floatsisf.eo)
                  0x000bc4                  ___floatsisf
 .libm.floatunsisf
                  0x000bca          0x4 /Applications/microchip/xc16/v1.33/bin/bin/../../lib/libm-elf.a(floatunsisf.eo)
                  0x000bca                  ___floatunsisf
 .libm.floorf     0x000bce         0x10 /Applications/microchip/xc16/v1.33/bin/bin/../../lib/libm-elf.a(floorf.eo)
                  0x000bce                  _floorf
 .libm.nesf2      0x000bde          0x4 /Applications/microchip/xc16/v1.33/bin/bin/../../lib/libm-elf.a(fne.eo)
                  0x000bde                  ___nesf2
 .libm.fpack      0x000be2         0x4c /Applications/microchip/xc16/v1.33/bin/bin/../../lib/libm-elf.a(fpack.eo)
                  0x000be2                  __fpack
 .libm.funpack    0x000c2e         0x2a /Applications/microchip/xc16/v1.33/bin/bin/../../lib/libm-elf.a(funpack.eo)
                  0x000c2e                  __funpack
 .libm.funpack2
                  0x000c58         0x10 /Applications/microchip/xc16/v1.33/bin/bin/../../lib/libm-elf.a(funpack2.eo)
                  0x000c58                  __funpack2
 .libm.fPropagateNaN
                  0x000c68         0x12 /Applications/microchip/xc16/v1.33/bin/bin/../../lib/libm-elf.a(futil.eo)
                  0x000c68                  __fPropagateNaN
 .libm.fbobExit
                  0x000c7a          0x8 /Applications/microchip/xc16/v1.33/bin/bin/../../lib/libm-elf.a(futil.eo)
                  0x000c7a                  __fbopExit
 .libm.fbopReturnNaN
                  0x000c82          0x6 /Applications/microchip/xc16/v1.33/bin/bin/../../lib/libm-elf.a(futil.eo)
                  0x000c82                  __fbopReturnNaN
 .libm.mulsf3     0x000c88         0x68 /Applications/microchip/xc16/v1.33/bin/bin/../../lib/libm-elf.a(mulsf3.eo)
                  0x000c88                  ___mulsf3
 .libm.sqrtf      0x000cf0         0x6a /Applications/microchip/xc16/v1.33/bin/bin/../../lib/libm-elf.a(sqrtf.eo)
                  0x000cf0                  _sqrtf
 .libm.udivsi3    0x000d5a         0x20 /Applications/microchip/xc16/v1.33/bin/bin/../../lib/libm-elf.a(udivsi3.eo)
                  0x000d5a                  ___udivsi3
 .libm.fchop      0x000d7a         0x4e /Applications/microchip/xc16/v1.33/bin/bin/../../lib/libm-elf.a(fchop.eo)
                  0x000d7a                  __fchop
 .libm.fcompare
                  0x000dc8         0x36 /Applications/microchip/xc16/v1.33/bin/bin/../../lib/libm-elf.a(fcompare.eo)
                  0x000dc8                  __fcompare
 .libm.floatdisf
                  0x000dfe         0x20 /Applications/microchip/xc16/v1.33/bin/bin/../../lib/libm-elf.a(floatdisf.eo)
                  0x000dfe                  ___floatdisf
 .libm.floatundisf
                  0x000e1e         0x5e /Applications/microchip/xc16/v1.33/bin/bin/../../lib/libm-elf.a(floatundisf.eo)
                  0x000e1e                  ___floatundisf
 .libc.atoi       0x000e7c         0x3e /Applications/microchip/xc16/v1.33/bin/bin/../../lib/libc-elf.a(atoi.eo)
                  0x000e7c                  _atoi
 .libc.exit       0x000eba          0x8 /Applications/microchip/xc16/v1.33/bin/bin/../../lib/libc-elf.a(exit.eo)
                  0x000eba                  _exit
 .libc.malloc     0x000ec2        0x112 /Applications/microchip/xc16/v1.33/bin/bin/../../lib/libc-elf.a(malloc.eo)
                  0x000ec2                  _malloc
 .libc.free       0x000fd4         0x16 /Applications/microchip/xc16/v1.33/bin/bin/../../lib/libc-elf.a(malloc.eo)
                  0x000fd4                  _free
 .libc.realloc    0x000fea         0x82 /Applications/microchip/xc16/v1.33/bin/bin/../../lib/libc-elf.a(malloc.eo)
                  0x000fea                  _realloc
 .libc.memcpy     0x00106c          0xe /Applications/microchip/xc16/v1.33/bin/bin/../../lib/libc-elf.a(memcpy.eo)
                  0x00106c                  _memcpy
 .libc._cleanup
                  0x00107a          0x2 /Applications/microchip/xc16/v1.33/bin/bin/../../lib/libc-elf.a(stdclean.eo)
                  0x00107a                  __cleanup
 .libc.strlen     0x00107c          0xc /Applications/microchip/xc16/v1.33/bin/bin/../../lib/libc-elf.a(strlen.eo)
                  0x00107c                  _strlen
 .libc._sscanf_cdnopuxX
                  0x001088         0x1c /Applications/microchip/xc16/v1.33/bin/bin/../../lib/libc-elf.a(sscanf_cdnopuxX.XXeo)
                  0x001088                  __sscanf_cdnopuxX
 .libc.wspace     0x0010a4         0x1e /Applications/microchip/xc16/v1.33/bin/bin/../../lib/libc-elf.a(doscan_cdnopuxX.XXeo)
 .libc.range      0x0010c2         0x46 /Applications/microchip/xc16/v1.33/bin/bin/../../lib/libc-elf.a(doscan_cdnopuxX.XXeo)
 .libc._vfscanf_cdnopuxX
                  0x001108        0x2ee /Applications/microchip/xc16/v1.33/bin/bin/../../lib/libc-elf.a(doscan_cdnopuxX.XXeo)
                  0x001108                  __vfscanf_cdnopuxX
 .libc._sprintf_cdfFnopuxX
                  0x0013f6         0x2c /Applications/microchip/xc16/v1.33/bin/bin/../../lib/libc-elf.a(sprintf_cdfFnopuxX.XXeo)
                  0x0013f6                  __sprintf_cdfFnopuxX
                  0x0013f6                  __sprintf_cdnopuxX
 .libc.fround     0x001422         0xba /Applications/microchip/xc16/v1.33/bin/bin/../../lib/libc-elf.a(doprnt_cdfFnopuxX.XXeo)
 .libc.scale      0x0014dc         0xc4 /Applications/microchip/xc16/v1.33/bin/bin/../../lib/libc-elf.a(doprnt_cdfFnopuxX.XXeo)
 .libc.sputc      0x0015a0         0x12 /Applications/microchip/xc16/v1.33/bin/bin/../../lib/libc-elf.a(doprnt_cdfFnopuxX.XXeo)
 .libc._vfprintf_cdfFnopuxX
                  0x0015b2        0x9c2 /Applications/microchip/xc16/v1.33/bin/bin/../../lib/libc-elf.a(doprnt_cdfFnopuxX.XXeo)
                  0x0015b2                  __vfprintf_cdnopuxX
                  0x0015b2                  __vfprintf_cdfFnopuxX
 .libc.fgetc      0x001f74         0x62 /Applications/microchip/xc16/v1.33/bin/bin/../../lib/libc-elf.a(fgetc.eo)
                  0x001f74                  _fgetc
 .libc._filbuf    0x001fd6         0x98 /Applications/microchip/xc16/v1.33/bin/bin/../../lib/libc-elf.a(filbuf.eo)
                  0x001fd6                  __filbuf
 .libc.fputc      0x00206e         0x86 /Applications/microchip/xc16/v1.33/bin/bin/../../lib/libc-elf.a(fputc.eo)
                  0x00206e                  _fputc
 .libc.ungetc     0x0020f4         0x3e /Applications/microchip/xc16/v1.33/bin/bin/../../lib/libc-elf.a(ungetc.eo)
                  0x0020f4                  _ungetc
 .libc.fflush     0x002132         0x54 /Applications/microchip/xc16/v1.33/bin/bin/../../lib/libc-elf.a(fflush.eo)
                  0x002132                  _fflush
 .libc._flsbuf    0x002186         0x7e /Applications/microchip/xc16/v1.33/bin/bin/../../lib/libc-elf.a(flsbuf.eo)
                  0x002186                  __flsbuf
 .libc.doread     0x002204          0x4 /Applications/microchip/xc16/v1.33/bin/bin/../../lib/libpic30-elf.a(read.eo)
 .libc.dowrite    0x002208          0x4 /Applications/microchip/xc16/v1.33/bin/bin/../../lib/libpic30-elf.a(write.eo)
 .libm.adddf3     0x00220c         0xfc /Applications/microchip/xc16/v1.33/bin/bin/../../lib/libm-elf.a(adddf3.eo)
                  0x00220c                  ___adddf3
 .libm.eqdf2      0x002308          0xa /Applications/microchip/xc16/v1.33/bin/bin/../../lib/libm-elf.a(deqltle.eo)
                  0x002308                  ___ledf2
                  0x002308                  ___eqdf2
                  0x002308                  ___ltdf2
 .libm.gtdf2      0x002312          0xa /Applications/microchip/xc16/v1.33/bin/bin/../../lib/libm-elf.a(dgtge.eo)
                  0x002312                  ___gedf2
                  0x002312                  ___gtdf2
 .libm.divdf3     0x00231c         0xb4 /Applications/microchip/xc16/v1.33/bin/bin/../../lib/libm-elf.a(divdf3.eo)
                  0x00231c                  ___divdf3
 .libm.nedf2      0x0023d0          0xa /Applications/microchip/xc16/v1.33/bin/bin/../../lib/libm-elf.a(dne.eo)
                  0x0023d0                  ___nedf2
 .libm.dpack      0x0023da         0x58 /Applications/microchip/xc16/v1.33/bin/bin/../../lib/libm-elf.a(dpack.eo)
                  0x0023da                  __dpack
 .libm.dunpack2
                  0x002432         0x32 /Applications/microchip/xc16/v1.33/bin/bin/../../lib/libm-elf.a(dunpack2.eo)
                  0x002432                  __dunpack2
                  0x002454                  __dreturnNaN
                  0x00245a                  __dunpack2exit
 .libm.extendsfdf2
                  0x002464         0x3e /Applications/microchip/xc16/v1.33/bin/bin/../../lib/libm-elf.a(extendsfdf.eo)
                  0x002464                  ___extendsfdf2
 .libm.fixunsdfdi
                  0x0024a2         0x62 /Applications/microchip/xc16/v1.33/bin/bin/../../lib/libm-elf.a(fixunsdfdi.eo)
                  0x0024a2                  ___fixunsdfdi
 .libm.floatunsidf
                  0x002504          0x4 /Applications/microchip/xc16/v1.33/bin/bin/../../lib/libm-elf.a(floatunsidf.eo)
                  0x002504                  ___floatunsidf
 .libm.frexp      0x002508         0x3a /Applications/microchip/xc16/v1.33/bin/bin/../../lib/libm-elf.a(frexp.eo)
                  0x002508                  _frexpl
                  0x002508                  _frexp
 *fill*           0x002542          0x400
 .libm.muldf3     0x002544         0xec /Applications/microchip/xc16/v1.33/bin/bin/../../lib/libm-elf.a(muldf3.eo)
                  0x002544                  ___muldf3
 .libm.subdf3     0x002630          0x4 /Applications/microchip/xc16/v1.33/bin/bin/../../lib/libm-elf.a(subdf3.eo)
                  0x002630                  ___subdf3
 .libm.umodsi3    0x002634          0x6 /Applications/microchip/xc16/v1.33/bin/bin/../../lib/libm-elf.a(umodsi3.eo)
                  0x002634                  ___umodsi3
 .libm.mulsi3     0x00263a          0xc /Applications/microchip/xc16/v1.33/bin/bin/../../lib/libm-elf.a(mulsi3.eo)
                  0x00263a                  ___mulp32eds3
                  0x00263a                  ___mulp32peds3
                  0x00263a                  ___mulsi3
 .libm.dcompare
                  0x002646         0x52 /Applications/microchip/xc16/v1.33/bin/bin/../../lib/libm-elf.a(dcompare.eo)
                  0x002646                  __dcompare
 .libm.dPropagateNaN
                  0x002698         0x1c /Applications/microchip/xc16/v1.33/bin/bin/../../lib/libm-elf.a(dpropagateNaN.eo)
                  0x002698                  __dPropagateNaN
 .libm.dtype      0x0026b4         0x24 /Applications/microchip/xc16/v1.33/bin/bin/../../lib/libm-elf.a(dtype.eo)
                  0x0026b4                  __dtype
 .libm.dunpack    0x0026d8         0x4e /Applications/microchip/xc16/v1.33/bin/bin/../../lib/libm-elf.a(dunpack.eo)
                  0x0026d8                  __dunpack
 .libm.floatundidf
                  0x002726         0x56 /Applications/microchip/xc16/v1.33/bin/bin/../../lib/libm-elf.a(floatundidf.eo)
                  0x002726                  ___floatundidf

usercode
 *(usercode)

__FUID0
 *(__FUID0.sec*)

__FUID1
 *(__FUID1.sec*)

__FUID2
 *(__FUID2.sec*)

__FUID3
 *(__FUID3.sec*)

__FOSC            0xf80000          0x2
 *(__FOSC.sec*)
 __FOSC.sec       0xf80000          0x2 build/default/production/_ext/1259340286/e_init_port.o

__FWDT            0xf80002          0x2
 *(__FWDT.sec*)
 __FWDT.sec       0xf80002          0x2 build/default/production/_ext/1259340286/e_init_port.o

__FBORPOR         0xf80004          0x2
 *(__FBORPOR.sec*)
 __FBORPOR.sec    0xf80004          0x2 build/default/production/_ext/1259340286/e_init_port.o

__FBS
 *(__FBS.sec*)

__FSS
 *(__FSS.sec*)

__FGS             0xf8000a          0x2
 *(__FGS.sec*)
 __FGS.sec        0xf8000a          0x2 FGS
                  0xf8000a                  __FGS.sec

__FICD
 *(__FICD.sec*)

user_eedata
 *(user_eedata)

userdata
 *(userdata)

.comment
 *(.comment)

.debug_info       0x000000       0xf54d
 *(.debug_info)
 .debug_info      0x000000        0x990 build/default/production/_ext/1472/Asercom.o
 .debug_info      0x000990         0xb7 build/default/production/_ext/1472/DataEEPROM.o
 .debug_info      0x000a47        0x417 build/default/production/_ext/1472/main_c.o
 .debug_info      0x000e5e        0x3a0 build/default/production/_ext/1472/runaccelerometer.o
 .debug_info      0x0011fe        0x3f3 build/default/production/_ext/1472/runbreitenberg_adv.o
 .debug_info      0x0015f1        0x17b build/default/production/_ext/1472/rungrounddirection.o
 .debug_info      0x00176c        0x47c build/default/production/_ext/1472/runshow.o
 .debug_info      0x001be8        0x507 build/default/production/_ext/1472/runwallfollow.o
 .debug_info      0x0020ef        0x203 build/default/production/_ext/1472/translatorI2C.o
 .debug_info      0x0022f2        0x6ac build/default/production/_ext/1949949662/e_led.o
 .debug_info      0x00299e        0x5c9 build/default/production/_ext/1949949662/e_motors.o
 .debug_info      0x002f67       0x14dd build/default/production/_ext/1362274096/e_ad_conv.o
 .debug_info      0x004444        0x417 build/default/production/_ext/904308887/utility.o
 .debug_info      0x00485b        0xcbd build/default/production/_ext/417766185/e_I2C_master_module.o
 .debug_info      0x005518        0x6c6 build/default/production/_ext/930121020/e_common.o
 .debug_info      0x005bde        0x76c build/default/production/_ext/1362274096/e_acc.o
 .debug_info      0x00634a         0xcf build/default/production/_ext/64492303/e_uart1_tx_char.o
 .debug_info      0x006419         0xcf build/default/production/_ext/64492303/e_uart2_tx_char.o
 .debug_info      0x0064e8         0xcf build/default/production/_ext/64492303/e_uart2_rx_char.o
 .debug_info      0x0065b7         0xcf build/default/production/_ext/64492303/e_uart1_rx_char.o
 .debug_info      0x006686        0x906 build/default/production/_ext/1949949662/e_remote_control.o
 .debug_info      0x006f8c        0xdac build/default/production/_ext/1259340286/e_init_port.o
 .debug_info      0x007d38        0x918 build/default/production/_ext/1949949662/e_agenda.o
 .debug_info      0x008650        0x295 build/default/production/_ext/417766185/e_I2C_protocol.o
 .debug_info      0x0088e5        0x2de build/default/production/_ext/1362274096/e_prox.o
 .debug_info      0x008bc3        0x2fa build/default/production/_ext/2015481517/e_sound.o
 .debug_info      0x008ebd        0x69c build/default/production/_ext/930121020/e_po6030k_registers.o
 .debug_info      0x009559        0xe85 build/default/production/_ext/930121020/e_po3030k_registers.o
 .debug_info      0x00a3de        0x791 build/default/production/_ext/930121020/e_po8030d_registers.o
 .debug_info      0x00ab6f         0xd2 build/default/production/_ext/2015481517/e_sub_dci_kickoff.o
 .debug_info      0x00ac41         0xd2 build/default/production/_ext/2015481517/e_init_dci_master.o
 .debug_info      0x00ad13         0xd3 build/default/production/_ext/2015481517/e_init_codec_slave.o
 .debug_info      0x00ade6        0x333 build/default/production/_ext/1362274096/e_micro.o
 .debug_info      0x00b119        0xf90 build/default/production/_ext/663421589/e_bluetooth.o
 .debug_info      0x00c0a9        0x2fc build/default/production/_ext/930121020/e_calc_po3030k.o
 .debug_info      0x00c3a5        0x312 build/default/production/_ext/930121020/e_calc_po6030k.o
 .debug_info      0x00c6b7        0x3cd build/default/production/_ext/930121020/e_calc_po8030d.o
 .debug_info      0x00ca84        0x99d build/default/production/_ext/930121020/e_timers.o
 .debug_info      0x00d421         0xcc build/default/production/_ext/64492303/e_init_uart1.o
 .debug_info      0x00d4ed         0xcc build/default/production/_ext/64492303/e_init_uart2.o
 .debug_info      0x00d5b9         0xca build/default/production/_ext/2015481517/e_isr_dci.o
 .debug_info      0x00d683         0xda build/default/production/_ext/930121020/e_interrupt.o
 .debug_info      0x00d75d        0x6a2 build/default/production/_ext/851769008/e_lsm330.o
 .debug_info      0x00ddff        0x2cc build/default/production/_ext/1472/rungyroscope.o
 .debug_info      0x00e0cb        0x20b build/default/production/_ext/1472/runsquare.o
 .debug_info      0x00e2d6        0x1f7 build/default/production/_ext/1472/rundetectsound.o
 .debug_info      0x00e4cd        0x27b build/default/production/_ext/1472/love.o
 .debug_info      0x00e748        0x219 build/default/production/_ext/1472/aggressive.o
 .debug_info      0x00e961        0x6d8 build/default/production/_ext/1472/colour_recognition.o
 .debug_info      0x00f039        0x254 build/default/production/_ext/1472/fear.o
 .debug_info      0x00f28d        0x2c0 build/default/production/_ext/1472/curious.o
 *(.gnu.linkonce.wi.*)

.debug_abbrev     0x000000       0x22d8
 *(.debug_abbrev)
 .debug_abbrev    0x000000        0x141 build/default/production/_ext/1472/Asercom.o
 .debug_abbrev    0x000141         0x14 build/default/production/_ext/1472/DataEEPROM.o
 .debug_abbrev    0x000155        0x10a build/default/production/_ext/1472/main_c.o
 .debug_abbrev    0x00025f         0x88 build/default/production/_ext/1472/runaccelerometer.o
 .debug_abbrev    0x0002e7         0xe7 build/default/production/_ext/1472/runbreitenberg_adv.o
 .debug_abbrev    0x0003ce         0x34 build/default/production/_ext/1472/rungrounddirection.o
 .debug_abbrev    0x000402         0xa3 build/default/production/_ext/1472/runshow.o
 .debug_abbrev    0x0004a5        0x122 build/default/production/_ext/1472/runwallfollow.o
 .debug_abbrev    0x0005c7         0x56 build/default/production/_ext/1472/translatorI2C.o
 .debug_abbrev    0x00061d        0x109 build/default/production/_ext/1949949662/e_led.o
 .debug_abbrev    0x000726        0x109 build/default/production/_ext/1949949662/e_motors.o
 .debug_abbrev    0x00082f        0x14e build/default/production/_ext/1362274096/e_ad_conv.o
 .debug_abbrev    0x00097d        0x127 build/default/production/_ext/904308887/utility.o
 .debug_abbrev    0x000aa4        0x1ad build/default/production/_ext/417766185/e_I2C_master_module.o
 .debug_abbrev    0x000c51        0x13d build/default/production/_ext/930121020/e_common.o
 .debug_abbrev    0x000d8e        0x185 build/default/production/_ext/1362274096/e_acc.o
 .debug_abbrev    0x000f13         0x14 build/default/production/_ext/64492303/e_uart1_tx_char.o
 .debug_abbrev    0x000f27         0x14 build/default/production/_ext/64492303/e_uart2_tx_char.o
 .debug_abbrev    0x000f3b         0x14 build/default/production/_ext/64492303/e_uart2_rx_char.o
 .debug_abbrev    0x000f4f         0x14 build/default/production/_ext/64492303/e_uart1_rx_char.o
 .debug_abbrev    0x000f63         0xdb build/default/production/_ext/1949949662/e_remote_control.o
 .debug_abbrev    0x00103e         0xf8 build/default/production/_ext/1259340286/e_init_port.o
 .debug_abbrev    0x001136        0x16e build/default/production/_ext/1949949662/e_agenda.o
 .debug_abbrev    0x0012a4         0x91 build/default/production/_ext/417766185/e_I2C_protocol.o
 .debug_abbrev    0x001335         0x8e build/default/production/_ext/1362274096/e_prox.o
 .debug_abbrev    0x0013c3         0xbf build/default/production/_ext/2015481517/e_sound.o
 .debug_abbrev    0x001482         0xea build/default/production/_ext/930121020/e_po6030k_registers.o
 .debug_abbrev    0x00156c        0x120 build/default/production/_ext/930121020/e_po3030k_registers.o
 .debug_abbrev    0x00168c        0x101 build/default/production/_ext/930121020/e_po8030d_registers.o
 .debug_abbrev    0x00178d         0x14 build/default/production/_ext/2015481517/e_sub_dci_kickoff.o
 .debug_abbrev    0x0017a1         0x14 build/default/production/_ext/2015481517/e_init_dci_master.o
 .debug_abbrev    0x0017b5         0x14 build/default/production/_ext/2015481517/e_init_codec_slave.o
 .debug_abbrev    0x0017c9         0xa8 build/default/production/_ext/1362274096/e_micro.o
 .debug_abbrev    0x001871        0x1bb build/default/production/_ext/663421589/e_bluetooth.o
 .debug_abbrev    0x001a2c         0x7c build/default/production/_ext/930121020/e_calc_po3030k.o
 .debug_abbrev    0x001aa8         0x7c build/default/production/_ext/930121020/e_calc_po6030k.o
 .debug_abbrev    0x001b24         0x8b build/default/production/_ext/930121020/e_calc_po8030d.o
 .debug_abbrev    0x001baf        0x183 build/default/production/_ext/930121020/e_timers.o
 .debug_abbrev    0x001d32         0x14 build/default/production/_ext/64492303/e_init_uart1.o
 .debug_abbrev    0x001d46         0x14 build/default/production/_ext/64492303/e_init_uart2.o
 .debug_abbrev    0x001d5a         0x14 build/default/production/_ext/2015481517/e_isr_dci.o
 .debug_abbrev    0x001d6e         0x14 build/default/production/_ext/930121020/e_interrupt.o
 .debug_abbrev    0x001d82        0x115 build/default/production/_ext/851769008/e_lsm330.o
 .debug_abbrev    0x001e97         0x9a build/default/production/_ext/1472/rungyroscope.o
 .debug_abbrev    0x001f31         0x41 build/default/production/_ext/1472/runsquare.o
 .debug_abbrev    0x001f72         0x41 build/default/production/_ext/1472/rundetectsound.o
 .debug_abbrev    0x001fb3         0x59 build/default/production/_ext/1472/love.o
 .debug_abbrev    0x00200c         0x6e build/default/production/_ext/1472/aggressive.o
 .debug_abbrev    0x00207a        0x143 build/default/production/_ext/1472/colour_recognition.o
 .debug_abbrev    0x0021bd         0x6c build/default/production/_ext/1472/fear.o
 .debug_abbrev    0x002229         0xaf build/default/production/_ext/1472/curious.o

.debug_line       0x000000       0x3176
 *(.debug_line)
 .debug_line      0x000000        0x46e build/default/production/_ext/1472/Asercom.o
 .debug_line      0x00046e         0x92 build/default/production/_ext/1472/DataEEPROM.o
 .debug_line      0x000500         0xe8 build/default/production/_ext/1472/main_c.o
 .debug_line      0x0005e8         0xa9 build/default/production/_ext/1472/runaccelerometer.o
 .debug_line      0x000691         0x9e build/default/production/_ext/1472/runbreitenberg_adv.o
 .debug_line      0x00072f         0x49 build/default/production/_ext/1472/rungrounddirection.o
 .debug_line      0x000778         0xf9 build/default/production/_ext/1472/runshow.o
 .debug_line      0x000871        0x133 build/default/production/_ext/1472/runwallfollow.o
 .debug_line      0x0009a4         0x57 build/default/production/_ext/1472/translatorI2C.o
 .debug_line      0x0009fb        0x1d3 build/default/production/_ext/1949949662/e_led.o
 .debug_line      0x000bce        0x1a1 build/default/production/_ext/1949949662/e_motors.o
 .debug_line      0x000d6f        0x204 build/default/production/_ext/1362274096/e_ad_conv.o
 .debug_line      0x000f73        0x107 build/default/production/_ext/904308887/utility.o
 .debug_line      0x00107a        0x18d build/default/production/_ext/417766185/e_I2C_master_module.o
 .debug_line      0x001207        0x15a build/default/production/_ext/930121020/e_common.o
 .debug_line      0x001361        0x1a8 build/default/production/_ext/1362274096/e_acc.o
 .debug_line      0x001509         0x85 build/default/production/_ext/64492303/e_uart1_tx_char.o
 .debug_line      0x00158e         0x85 build/default/production/_ext/64492303/e_uart2_tx_char.o
 .debug_line      0x001613         0x76 build/default/production/_ext/64492303/e_uart2_rx_char.o
 .debug_line      0x001689         0x76 build/default/production/_ext/64492303/e_uart1_rx_char.o
 .debug_line      0x0016ff        0x150 build/default/production/_ext/1949949662/e_remote_control.o
 .debug_line      0x00184f        0x142 build/default/production/_ext/1259340286/e_init_port.o
 .debug_line      0x001991        0x1a0 build/default/production/_ext/1949949662/e_agenda.o
 .debug_line      0x001b31         0x88 build/default/production/_ext/417766185/e_I2C_protocol.o
 .debug_line      0x001bb9         0x8b build/default/production/_ext/1362274096/e_prox.o
 .debug_line      0x001c44         0xf2 build/default/production/_ext/2015481517/e_sound.o
 .debug_line      0x001d36        0x101 build/default/production/_ext/930121020/e_po6030k_registers.o
 .debug_line      0x001e37        0x1c7 build/default/production/_ext/930121020/e_po3030k_registers.o
 .debug_line      0x001ffe        0x114 build/default/production/_ext/930121020/e_po8030d_registers.o
 .debug_line      0x002112         0x8d build/default/production/_ext/2015481517/e_sub_dci_kickoff.o
 .debug_line      0x00219f         0x75 build/default/production/_ext/2015481517/e_init_dci_master.o
 .debug_line      0x002214         0xb1 build/default/production/_ext/2015481517/e_init_codec_slave.o
 .debug_line      0x0022c5         0x8b build/default/production/_ext/1362274096/e_micro.o
 .debug_line      0x002350        0x2b6 build/default/production/_ext/663421589/e_bluetooth.o
 .debug_line      0x002606         0xc2 build/default/production/_ext/930121020/e_calc_po3030k.o
 .debug_line      0x0026c8         0xc7 build/default/production/_ext/930121020/e_calc_po6030k.o
 .debug_line      0x00278f        0x121 build/default/production/_ext/930121020/e_calc_po8030d.o
 .debug_line      0x0028b0        0x138 build/default/production/_ext/930121020/e_timers.o
 .debug_line      0x0029e8         0x67 build/default/production/_ext/64492303/e_init_uart1.o
 .debug_line      0x002a4f         0x66 build/default/production/_ext/64492303/e_init_uart2.o
 .debug_line      0x002ab5         0x1a build/default/production/_ext/2015481517/e_const_sound.o
 .debug_line      0x002acf         0x85 build/default/production/_ext/2015481517/e_isr_dci.o
 .debug_line      0x002b54         0x78 build/default/production/_ext/930121020/e_interrupt.o
 .debug_line      0x002bcc         0xdf build/default/production/_ext/851769008/e_lsm330.o
 .debug_line      0x002cab        0x108 build/default/production/_ext/1472/rungyroscope.o
 .debug_line      0x002db3         0x82 build/default/production/_ext/1472/runsquare.o
 .debug_line      0x002e35         0x6b build/default/production/_ext/1472/rundetectsound.o
 .debug_line      0x002ea0         0x82 build/default/production/_ext/1472/love.o
 .debug_line      0x002f22         0x74 build/default/production/_ext/1472/aggressive.o
 .debug_line      0x002f96         0xe9 build/default/production/_ext/1472/colour_recognition.o
 .debug_line      0x00307f         0x7f build/default/production/_ext/1472/fear.o
 .debug_line      0x0030fe         0x78 build/default/production/_ext/1472/curious.o

.debug_frame      0x000000       0x261c
 *(.debug_frame)
 .debug_frame     0x000000        0x1ca build/default/production/_ext/1472/Asercom.o
 .debug_frame     0x0001ca         0x3e build/default/production/_ext/1472/main_c.o
 .debug_frame     0x000208         0xa4 build/default/production/_ext/1472/runaccelerometer.o
 .debug_frame     0x0002ac         0xd4 build/default/production/_ext/1472/runbreitenberg_adv.o
 .debug_frame     0x000380         0x30 build/default/production/_ext/1472/rungrounddirection.o
 .debug_frame     0x0003b0         0xae build/default/production/_ext/1472/runshow.o
 .debug_frame     0x00045e         0xbc build/default/production/_ext/1472/runwallfollow.o
 .debug_frame     0x00051a         0x4c build/default/production/_ext/1472/translatorI2C.o
 .debug_frame     0x000566        0x260 build/default/production/_ext/1949949662/e_led.o
 .debug_frame     0x0007c6        0x12c build/default/production/_ext/1949949662/e_motors.o
 .debug_frame     0x0008f2         0xd2 build/default/production/_ext/1362274096/e_ad_conv.o
 .debug_frame     0x0009c4         0xd8 build/default/production/_ext/904308887/utility.o
 .debug_frame     0x000a9c        0x1aa build/default/production/_ext/417766185/e_I2C_master_module.o
 .debug_frame     0x000c46        0x12c build/default/production/_ext/930121020/e_common.o
 .debug_frame     0x000d72        0x1b4 build/default/production/_ext/1362274096/e_acc.o
 .debug_frame     0x000f26         0xe4 build/default/production/_ext/1949949662/e_remote_control.o
 .debug_frame     0x00100a         0x68 build/default/production/_ext/1259340286/e_init_port.o
 .debug_frame     0x001072        0x138 build/default/production/_ext/1949949662/e_agenda.o
 .debug_frame     0x0011aa         0xbc build/default/production/_ext/417766185/e_I2C_protocol.o
 .debug_frame     0x001266         0x8a build/default/production/_ext/1362274096/e_prox.o
 .debug_frame     0x0012f0         0x68 build/default/production/_ext/2015481517/e_sound.o
 .debug_frame     0x001358        0x1d4 build/default/production/_ext/930121020/e_po6030k_registers.o
 .debug_frame     0x00152c        0x442 build/default/production/_ext/930121020/e_po3030k_registers.o
 .debug_frame     0x00196e        0x244 build/default/production/_ext/930121020/e_po8030d_registers.o
 .debug_frame     0x001bb2         0x84 build/default/production/_ext/1362274096/e_micro.o
 .debug_frame     0x001c36        0x22e build/default/production/_ext/663421589/e_bluetooth.o
 .debug_frame     0x001e64         0x4c build/default/production/_ext/930121020/e_calc_po3030k.o
 .debug_frame     0x001eb0         0x4c build/default/production/_ext/930121020/e_calc_po6030k.o
 .debug_frame     0x001efc         0x52 build/default/production/_ext/930121020/e_calc_po8030d.o
 .debug_frame     0x001f4e         0xbc build/default/production/_ext/930121020/e_timers.o
 .debug_frame     0x00200a        0x20c build/default/production/_ext/851769008/e_lsm330.o
 .debug_frame     0x002216         0x96 build/default/production/_ext/1472/rungyroscope.o
 .debug_frame     0x0022ac         0x36 build/default/production/_ext/1472/runsquare.o
 .debug_frame     0x0022e2         0x36 build/default/production/_ext/1472/rundetectsound.o
 .debug_frame     0x002318         0x30 build/default/production/_ext/1472/love.o
 .debug_frame     0x002348         0x4c build/default/production/_ext/1472/aggressive.o
 .debug_frame     0x002394        0x1b8 build/default/production/_ext/1472/colour_recognition.o
 .debug_frame     0x00254c         0x68 build/default/production/_ext/1472/fear.o
 .debug_frame     0x0025b4         0x68 build/default/production/_ext/1472/curious.o

.debug_str        0x000000        0x6c6
 *(.debug_str)
 .debug_str       0x000000         0x44 build/default/production/_ext/1472/Asercom.o
 .debug_str       0x000044         0x12 build/default/production/_ext/1472/main_c.o
 .debug_str       0x000056         0x25 build/default/production/_ext/1472/runaccelerometer.o
 .debug_str       0x00007b         0x35 build/default/production/_ext/1472/runbreitenberg_adv.o
 .debug_str       0x0000b0         0x30 build/default/production/_ext/1472/runshow.o
 .debug_str       0x0000e0         0x41 build/default/production/_ext/1472/runwallfollow.o
 .debug_str       0x000121         0x19 build/default/production/_ext/1949949662/e_led.o
 .debug_str       0x00013a         0x28 build/default/production/_ext/1949949662/e_motors.o
 .debug_str       0x000162        0x102 build/default/production/_ext/1362274096/e_ad_conv.o
 .debug_str       0x000264         0x33 build/default/production/_ext/904308887/utility.o
 .debug_str       0x000297         0x3d build/default/production/_ext/417766185/e_I2C_master_module.o
 .debug_str       0x0002d4         0x15 build/default/production/_ext/930121020/e_common.o
 .debug_str       0x0002e9         0xa0 build/default/production/_ext/1362274096/e_acc.o
 .debug_str       0x000389         0x32 build/default/production/_ext/1949949662/e_remote_control.o
 .debug_str       0x0003bb         0x6d build/default/production/_ext/1259340286/e_init_port.o
 .debug_str       0x000428         0x29 build/default/production/_ext/1949949662/e_agenda.o
 .debug_str       0x000451          0xb build/default/production/_ext/417766185/e_I2C_protocol.o
 .debug_str       0x00045c         0x36 build/default/production/_ext/1362274096/e_prox.o
 .debug_str       0x000492          0x9 build/default/production/_ext/2015481517/e_sound.o
 .debug_str       0x00049b         0x1e build/default/production/_ext/930121020/e_po6030k_registers.o
 .debug_str       0x0004b9         0x24 build/default/production/_ext/930121020/e_po3030k_registers.o
 .debug_str       0x0004dd         0x1e build/default/production/_ext/930121020/e_po8030d_registers.o
 .debug_str       0x0004fb         0x27 build/default/production/_ext/1362274096/e_micro.o
 .debug_str       0x000522         0x95 build/default/production/_ext/663421589/e_bluetooth.o
 .debug_str       0x0005b7          0xb build/default/production/_ext/930121020/e_calc_po3030k.o
 .debug_str       0x0005c2          0xb build/default/production/_ext/930121020/e_calc_po6030k.o
 .debug_str       0x0005cd          0xb build/default/production/_ext/930121020/e_calc_po8030d.o
 .debug_str       0x0005d8         0x79 build/default/production/_ext/930121020/e_timers.o
 .debug_str       0x000651         0x24 build/default/production/_ext/851769008/e_lsm330.o
 .debug_str       0x000675         0x2b build/default/production/_ext/1472/rungyroscope.o
 .debug_str       0x0006a0         0x26 build/default/production/_ext/1472/colour_recognition.o

.debug_loc
 *(.debug_loc)

.debug_macinfo
 *(.debug_macinfo)

.debug_pubnames
                  0x000000       0x1e1b
 *(.debug_pubnames)
 .debug_pubnames
                  0x000000         0x22 build/default/production/_ext/1472/Asercom.o
 .debug_pubnames
                  0x000022         0x2c build/default/production/_ext/1472/main_c.o
 .debug_pubnames
                  0x00004e         0x58 build/default/production/_ext/1472/runaccelerometer.o
 .debug_pubnames
                  0x0000a6         0xff build/default/production/_ext/1472/runbreitenberg_adv.o
 .debug_pubnames
                  0x0001a5         0x2a build/default/production/_ext/1472/rungrounddirection.o
 .debug_pubnames
                  0x0001cf         0x4b build/default/production/_ext/1472/runshow.o
 .debug_pubnames
                  0x00021a         0xcc build/default/production/_ext/1472/runwallfollow.o
 .debug_pubnames
                  0x0002e6         0x40 build/default/production/_ext/1472/translatorI2C.o
 .debug_pubnames
                  0x000326        0x17d build/default/production/_ext/1949949662/e_led.o
 .debug_pubnames
                  0x0004a3         0xdc build/default/production/_ext/1949949662/e_motors.o
 .debug_pubnames
                  0x00057f        0x145 build/default/production/_ext/1362274096/e_ad_conv.o
 .debug_pubnames
                  0x0006c4         0x9a build/default/production/_ext/904308887/utility.o
 .debug_pubnames
                  0x00075e        0x112 build/default/production/_ext/417766185/e_I2C_master_module.o
 .debug_pubnames
                  0x000870         0xf7 build/default/production/_ext/930121020/e_common.o
 .debug_pubnames
                  0x000967        0x172 build/default/production/_ext/1362274096/e_acc.o
 .debug_pubnames
                  0x000ad9         0x8a build/default/production/_ext/1949949662/e_remote_control.o
 .debug_pubnames
                  0x000b63         0x8c build/default/production/_ext/1259340286/e_init_port.o
 .debug_pubnames
                  0x000bef         0xdc build/default/production/_ext/1949949662/e_agenda.o
 .debug_pubnames
                  0x000ccb         0x7a build/default/production/_ext/417766185/e_I2C_protocol.o
 .debug_pubnames
                  0x000d45         0x66 build/default/production/_ext/1362274096/e_prox.o
 .debug_pubnames
                  0x000dab         0x46 build/default/production/_ext/2015481517/e_sound.o
 .debug_pubnames
                  0x000df1        0x17a build/default/production/_ext/930121020/e_po6030k_registers.o
 .debug_pubnames
                  0x000f6b        0x42b build/default/production/_ext/930121020/e_po3030k_registers.o
 .debug_pubnames
                  0x001396        0x1c9 build/default/production/_ext/930121020/e_po8030d_registers.o
 .debug_pubnames
                  0x00155f         0x6d build/default/production/_ext/1362274096/e_micro.o
 .debug_pubnames
                  0x0015cc        0x25b build/default/production/_ext/663421589/e_bluetooth.o
 .debug_pubnames
                  0x001827         0x4d build/default/production/_ext/930121020/e_calc_po3030k.o
 .debug_pubnames
                  0x001874         0x4d build/default/production/_ext/930121020/e_calc_po6030k.o
 .debug_pubnames
                  0x0018c1         0x4d build/default/production/_ext/930121020/e_calc_po8030d.o
 .debug_pubnames
                  0x00190e         0xe0 build/default/production/_ext/930121020/e_timers.o
 .debug_pubnames
                  0x0019ee        0x177 build/default/production/_ext/851769008/e_lsm330.o
 .debug_pubnames
                  0x001b65         0x8d build/default/production/_ext/1472/rungyroscope.o
 .debug_pubnames
                  0x001bf2         0x21 build/default/production/_ext/1472/runsquare.o
 .debug_pubnames
                  0x001c13         0x26 build/default/production/_ext/1472/rundetectsound.o
 .debug_pubnames
                  0x001c39         0x1b build/default/production/_ext/1472/love.o
 .debug_pubnames
                  0x001c54         0x30 build/default/production/_ext/1472/aggressive.o
 .debug_pubnames
                  0x001c84        0x139 build/default/production/_ext/1472/colour_recognition.o
 .debug_pubnames
                  0x001dbd         0x31 build/default/production/_ext/1472/fear.o
 .debug_pubnames
                  0x001dee         0x2d build/default/production/_ext/1472/curious.o

.debug_ranges
 *(.debug_ranges)

.debug_aranges    0x000000        0x4c8
 *(.debug_aranges)
 .debug_aranges
                  0x000000         0x18 build/default/production/_ext/1472/Asercom.o
 .debug_aranges
                  0x000018         0x18 build/default/production/_ext/1472/DataEEPROM.o
 .debug_aranges
                  0x000030         0x18 build/default/production/_ext/1472/main_c.o
 .debug_aranges
                  0x000048         0x18 build/default/production/_ext/1472/runaccelerometer.o
 .debug_aranges
                  0x000060         0x18 build/default/production/_ext/1472/runbreitenberg_adv.o
 .debug_aranges
                  0x000078         0x18 build/default/production/_ext/1472/rungrounddirection.o
 .debug_aranges
                  0x000090         0x18 build/default/production/_ext/1472/runshow.o
 .debug_aranges
                  0x0000a8         0x18 build/default/production/_ext/1472/runwallfollow.o
 .debug_aranges
                  0x0000c0         0x18 build/default/production/_ext/1472/translatorI2C.o
 .debug_aranges
                  0x0000d8         0x18 build/default/production/_ext/1949949662/e_led.o
 .debug_aranges
                  0x0000f0         0x18 build/default/production/_ext/1949949662/e_motors.o
 .debug_aranges
                  0x000108         0x18 build/default/production/_ext/1362274096/e_ad_conv.o
 .debug_aranges
                  0x000120         0x18 build/default/production/_ext/904308887/utility.o
 .debug_aranges
                  0x000138         0x18 build/default/production/_ext/417766185/e_I2C_master_module.o
 .debug_aranges
                  0x000150         0x18 build/default/production/_ext/930121020/e_common.o
 .debug_aranges
                  0x000168         0x18 build/default/production/_ext/1362274096/e_acc.o
 .debug_aranges
                  0x000180         0x18 build/default/production/_ext/64492303/e_uart1_tx_char.o
 .debug_aranges
                  0x000198         0x18 build/default/production/_ext/64492303/e_uart2_tx_char.o
 .debug_aranges
                  0x0001b0         0x18 build/default/production/_ext/64492303/e_uart2_rx_char.o
 .debug_aranges
                  0x0001c8         0x18 build/default/production/_ext/64492303/e_uart1_rx_char.o
 .debug_aranges
                  0x0001e0         0x18 build/default/production/_ext/1949949662/e_remote_control.o
 .debug_aranges
                  0x0001f8         0x18 build/default/production/_ext/1259340286/e_init_port.o
 .debug_aranges
                  0x000210         0x18 build/default/production/_ext/1949949662/e_agenda.o
 .debug_aranges
                  0x000228         0x18 build/default/production/_ext/417766185/e_I2C_protocol.o
 .debug_aranges
                  0x000240         0x18 build/default/production/_ext/1362274096/e_prox.o
 .debug_aranges
                  0x000258         0x18 build/default/production/_ext/2015481517/e_sound.o
 .debug_aranges
                  0x000270         0x18 build/default/production/_ext/930121020/e_po6030k_registers.o
 .debug_aranges
                  0x000288         0x18 build/default/production/_ext/930121020/e_po3030k_registers.o
 .debug_aranges
                  0x0002a0         0x18 build/default/production/_ext/930121020/e_po8030d_registers.o
 .debug_aranges
                  0x0002b8         0x18 build/default/production/_ext/2015481517/e_sub_dci_kickoff.o
 .debug_aranges
                  0x0002d0         0x18 build/default/production/_ext/2015481517/e_init_dci_master.o
 .debug_aranges
                  0x0002e8         0x18 build/default/production/_ext/2015481517/e_init_codec_slave.o
 .debug_aranges
                  0x000300         0x18 build/default/production/_ext/1362274096/e_micro.o
 .debug_aranges
                  0x000318         0x18 build/default/production/_ext/663421589/e_bluetooth.o
 .debug_aranges
                  0x000330         0x18 build/default/production/_ext/930121020/e_calc_po3030k.o
 .debug_aranges
                  0x000348         0x18 build/default/production/_ext/930121020/e_calc_po6030k.o
 .debug_aranges
                  0x000360         0x18 build/default/production/_ext/930121020/e_calc_po8030d.o
 .debug_aranges
                  0x000378         0x18 build/default/production/_ext/930121020/e_timers.o
 .debug_aranges
                  0x000390         0x18 build/default/production/_ext/64492303/e_init_uart1.o
 .debug_aranges
                  0x0003a8         0x18 build/default/production/_ext/64492303/e_init_uart2.o
 .debug_aranges
                  0x0003c0         0x18 build/default/production/_ext/2015481517/e_isr_dci.o
 .debug_aranges
                  0x0003d8         0x18 build/default/production/_ext/930121020/e_interrupt.o
 .debug_aranges
                  0x0003f0         0x18 build/default/production/_ext/851769008/e_lsm330.o
 .debug_aranges
                  0x000408         0x18 build/default/production/_ext/1472/rungyroscope.o
 .debug_aranges
                  0x000420         0x18 build/default/production/_ext/1472/runsquare.o
 .debug_aranges
                  0x000438         0x18 build/default/production/_ext/1472/rundetectsound.o
 .debug_aranges
                  0x000450         0x18 build/default/production/_ext/1472/love.o
 .debug_aranges
                  0x000468         0x18 build/default/production/_ext/1472/aggressive.o
 .debug_aranges
                  0x000480         0x18 build/default/production/_ext/1472/colour_recognition.o
 .debug_aranges
                  0x000498         0x18 build/default/production/_ext/1472/fear.o
 .debug_aranges
                  0x0004b0         0x18 build/default/production/_ext/1472/curious.o
                    0x0000                  WREG0 = 0x0
                    0x0000                  _WREG0 = 0x0
                    0x0002                  WREG1 = 0x2
                    0x0002                  _WREG1 = 0x2
                    0x0004                  WREG2 = 0x4
                    0x0004                  _WREG2 = 0x4
                    0x0006                  WREG3 = 0x6
                    0x0006                  _WREG3 = 0x6
                    0x0008                  WREG4 = 0x8
                    0x0008                  _WREG4 = 0x8
                    0x000a                  WREG5 = 0xa
                    0x000a                  _WREG5 = 0xa
                    0x000c                  WREG6 = 0xc
                    0x000c                  _WREG6 = 0xc
                    0x000e                  WREG7 = 0xe
                    0x000e                  _WREG7 = 0xe
                    0x0010                  WREG8 = 0x10
                    0x0010                  _WREG8 = 0x10
                    0x0012                  WREG9 = 0x12
                    0x0012                  _WREG9 = 0x12
                    0x0014                  WREG10 = 0x14
                    0x0014                  _WREG10 = 0x14
                    0x0016                  WREG11 = 0x16
                    0x0016                  _WREG11 = 0x16
                    0x0018                  WREG12 = 0x18
                    0x0018                  _WREG12 = 0x18
                    0x001a                  WREG13 = 0x1a
                    0x001a                  _WREG13 = 0x1a
                    0x001c                  WREG14 = 0x1c
                    0x001c                  _WREG14 = 0x1c
                    0x001e                  WREG15 = 0x1e
                    0x001e                  _WREG15 = 0x1e
                    0x0020                  SPLIM = 0x20
                    0x0020                  _SPLIM = 0x20
                    0x0022                  ACCAL = 0x22
                    0x0022                  _ACCAL = 0x22
                    0x0024                  ACCAH = 0x24
                    0x0024                  _ACCAH = 0x24
                    0x0026                  ACCAU = 0x26
                    0x0026                  _ACCAU = 0x26
                    0x0028                  ACCBL = 0x28
                    0x0028                  _ACCBL = 0x28
                    0x002a                  ACCBH = 0x2a
                    0x002a                  _ACCBH = 0x2a
                    0x002c                  ACCBU = 0x2c
                    0x002c                  _ACCBU = 0x2c
                    0x002e                  PCL = 0x2e
                    0x002e                  _PCL = 0x2e
                    0x0030                  PCH = 0x30
                    0x0030                  _PCH = 0x30
                    0x0032                  TBLPAG = 0x32
                    0x0032                  _TBLPAG = 0x32
                    0x0034                  PSVPAG = 0x34
                    0x0034                  _PSVPAG = 0x34
                    0x0036                  RCOUNT = 0x36
                    0x0036                  _RCOUNT = 0x36
                    0x0038                  DCOUNT = 0x38
                    0x0038                  _DCOUNT = 0x38
                    0x003a                  DOSTARTL = 0x3a
                    0x003a                  _DOSTARTL = 0x3a
                    0x003c                  DOSTARTH = 0x3c
                    0x003c                  _DOSTARTH = 0x3c
                    0x003e                  DOENDL = 0x3e
                    0x003e                  _DOENDL = 0x3e
                    0x0040                  DOENDH = 0x40
                    0x0040                  _DOENDH = 0x40
                    0x0042                  SR = 0x42
                    0x0042                  _SR = 0x42
                    0x0042                  _SRbits = 0x42
                    0x0044                  CORCON = 0x44
                    0x0044                  _CORCON = 0x44
                    0x0044                  _CORCONbits = 0x44
                    0x0046                  MODCON = 0x46
                    0x0046                  _MODCON = 0x46
                    0x0046                  _MODCONbits = 0x46
                    0x0048                  XMODSRT = 0x48
                    0x0048                  _XMODSRT = 0x48
                    0x004a                  XMODEND = 0x4a
                    0x004a                  _XMODEND = 0x4a
                    0x004c                  YMODSRT = 0x4c
                    0x004c                  _YMODSRT = 0x4c
                    0x004e                  YMODEND = 0x4e
                    0x004e                  _YMODEND = 0x4e
                    0x0050                  XBREV = 0x50
                    0x0050                  _XBREV = 0x50
                    0x0050                  _XBREVbits = 0x50
                    0x0052                  DISICNT = 0x52
                    0x0052                  _DISICNT = 0x52
                    0x0052                  _DISICNTbits = 0x52
                    0x0080                  INTCON1 = 0x80
                    0x0080                  _INTCON1 = 0x80
                    0x0080                  _INTCON1bits = 0x80
                    0x0082                  INTCON2 = 0x82
                    0x0082                  _INTCON2 = 0x82
                    0x0082                  _INTCON2bits = 0x82
                    0x0084                  IFS0 = 0x84
                    0x0084                  _IFS0 = 0x84
                    0x0084                  _IFS0bits = 0x84
                    0x0086                  IFS1 = 0x86
                    0x0086                  _IFS1 = 0x86
                    0x0086                  _IFS1bits = 0x86
                    0x0088                  IFS2 = 0x88
                    0x0088                  _IFS2 = 0x88
                    0x0088                  _IFS2bits = 0x88
                    0x008c                  IEC0 = 0x8c
                    0x008c                  _IEC0 = 0x8c
                    0x008c                  _IEC0bits = 0x8c
                    0x008e                  IEC1 = 0x8e
                    0x008e                  _IEC1 = 0x8e
                    0x008e                  _IEC1bits = 0x8e
                    0x0090                  IEC2 = 0x90
                    0x0090                  _IEC2 = 0x90
                    0x0090                  _IEC2bits = 0x90
                    0x0094                  IPC0 = 0x94
                    0x0094                  _IPC0 = 0x94
                    0x0094                  _IPC0bits = 0x94
                    0x0096                  IPC1 = 0x96
                    0x0096                  _IPC1 = 0x96
                    0x0096                  _IPC1bits = 0x96
                    0x0098                  IPC2 = 0x98
                    0x0098                  _IPC2 = 0x98
                    0x0098                  _IPC2bits = 0x98
                    0x009a                  IPC3 = 0x9a
                    0x009a                  _IPC3 = 0x9a
                    0x009a                  _IPC3bits = 0x9a
                    0x009c                  IPC4 = 0x9c
                    0x009c                  _IPC4 = 0x9c
                    0x009c                  _IPC4bits = 0x9c
                    0x009e                  IPC5 = 0x9e
                    0x009e                  _IPC5 = 0x9e
                    0x009e                  _IPC5bits = 0x9e
                    0x00a0                  IPC6 = 0xa0
                    0x00a0                  _IPC6 = 0xa0
                    0x00a0                  _IPC6bits = 0xa0
                    0x00a2                  IPC7 = 0xa2
                    0x00a2                  _IPC7 = 0xa2
                    0x00a2                  _IPC7bits = 0xa2
                    0x00a4                  IPC8 = 0xa4
                    0x00a4                  _IPC8 = 0xa4
                    0x00a4                  _IPC8bits = 0xa4
                    0x00a6                  IPC9 = 0xa6
                    0x00a6                  _IPC9 = 0xa6
                    0x00a6                  _IPC9bits = 0xa6
                    0x00a8                  IPC10 = 0xa8
                    0x00a8                  _IPC10 = 0xa8
                    0x00a8                  _IPC10bits = 0xa8
                    0x00b0                  INTTREG = 0xb0
                    0x00b0                  _INTTREG = 0xb0
                    0x00b0                  _INTTREGbits = 0xb0
                    0x00c0                  CNEN1 = 0xc0
                    0x00c0                  _CNEN1 = 0xc0
                    0x00c0                  _CNEN1bits = 0xc0
                    0x00c2                  CNEN2 = 0xc2
                    0x00c2                  _CNEN2 = 0xc2
                    0x00c2                  _CNEN2bits = 0xc2
                    0x00c4                  CNPU1 = 0xc4
                    0x00c4                  _CNPU1 = 0xc4
                    0x00c4                  _CNPU1bits = 0xc4
                    0x00c6                  CNPU2 = 0xc6
                    0x00c6                  _CNPU2 = 0xc6
                    0x00c6                  _CNPU2bits = 0xc6
                    0x0100                  TMR1 = 0x100
                    0x0100                  _TMR1 = 0x100
                    0x0102                  PR1 = 0x102
                    0x0102                  _PR1 = 0x102
                    0x0104                  T1CON = 0x104
                    0x0104                  _T1CON = 0x104
                    0x0104                  _T1CONbits = 0x104
                    0x0106                  TMR2 = 0x106
                    0x0106                  _TMR2 = 0x106
                    0x0108                  TMR3HLD = 0x108
                    0x0108                  _TMR3HLD = 0x108
                    0x010a                  TMR3 = 0x10a
                    0x010a                  _TMR3 = 0x10a
                    0x010c                  PR2 = 0x10c
                    0x010c                  _PR2 = 0x10c
                    0x010e                  PR3 = 0x10e
                    0x010e                  _PR3 = 0x10e
                    0x0110                  T2CON = 0x110
                    0x0110                  _T2CON = 0x110
                    0x0110                  _T2CONbits = 0x110
                    0x0112                  T3CON = 0x112
                    0x0112                  _T3CON = 0x112
                    0x0112                  _T3CONbits = 0x112
                    0x0114                  TMR4 = 0x114
                    0x0114                  _TMR4 = 0x114
                    0x0116                  TMR5HLD = 0x116
                    0x0116                  _TMR5HLD = 0x116
                    0x0118                  TMR5 = 0x118
                    0x0118                  _TMR5 = 0x118
                    0x011a                  PR4 = 0x11a
                    0x011a                  _PR4 = 0x11a
                    0x011c                  PR5 = 0x11c
                    0x011c                  _PR5 = 0x11c
                    0x011e                  T4CON = 0x11e
                    0x011e                  _T4CON = 0x11e
                    0x011e                  _T4CONbits = 0x11e
                    0x0120                  T5CON = 0x120
                    0x0120                  _T5CON = 0x120
                    0x0120                  _T5CONbits = 0x120
                    0x0140                  IC1BUF = 0x140
                    0x0140                  _IC1BUF = 0x140
                    0x0142                  IC1CON = 0x142
                    0x0142                  _IC1CON = 0x142
                    0x0142                  _IC1CONbits = 0x142
                    0x0144                  IC2BUF = 0x144
                    0x0144                  _IC2BUF = 0x144
                    0x0146                  IC2CON = 0x146
                    0x0146                  _IC2CON = 0x146
                    0x0146                  _IC2CONbits = 0x146
                    0x0148                  IC3BUF = 0x148
                    0x0148                  _IC3BUF = 0x148
                    0x014a                  IC3CON = 0x14a
                    0x014a                  _IC3CON = 0x14a
                    0x014a                  _IC3CONbits = 0x14a
                    0x014c                  IC4BUF = 0x14c
                    0x014c                  _IC4BUF = 0x14c
                    0x014e                  IC4CON = 0x14e
                    0x014e                  _IC4CON = 0x14e
                    0x014e                  _IC4CONbits = 0x14e
                    0x0150                  IC5BUF = 0x150
                    0x0150                  _IC5BUF = 0x150
                    0x0152                  IC5CON = 0x152
                    0x0152                  _IC5CON = 0x152
                    0x0152                  _IC5CONbits = 0x152
                    0x0154                  IC6BUF = 0x154
                    0x0154                  _IC6BUF = 0x154
                    0x0156                  IC6CON = 0x156
                    0x0156                  _IC6CON = 0x156
                    0x0156                  _IC6CONbits = 0x156
                    0x0158                  IC7BUF = 0x158
                    0x0158                  _IC7BUF = 0x158
                    0x015a                  IC7CON = 0x15a
                    0x015a                  _IC7CON = 0x15a
                    0x015a                  _IC7CONbits = 0x15a
                    0x015c                  IC8BUF = 0x15c
                    0x015c                  _IC8BUF = 0x15c
                    0x015e                  IC8CON = 0x15e
                    0x015e                  _IC8CON = 0x15e
                    0x015e                  _IC8CONbits = 0x15e
                    0x0180                  OC1RS = 0x180
                    0x0180                  _OC1RS = 0x180
                    0x0182                  OC1R = 0x182
                    0x0182                  _OC1R = 0x182
                    0x0184                  OC1CON = 0x184
                    0x0184                  _OC1CON = 0x184
                    0x0184                  _OC1CONbits = 0x184
                    0x0186                  OC2RS = 0x186
                    0x0186                  _OC2RS = 0x186
                    0x0188                  OC2R = 0x188
                    0x0188                  _OC2R = 0x188
                    0x018a                  OC2CON = 0x18a
                    0x018a                  _OC2CON = 0x18a
                    0x018a                  _OC2CONbits = 0x18a
                    0x018c                  OC3RS = 0x18c
                    0x018c                  _OC3RS = 0x18c
                    0x018e                  OC3R = 0x18e
                    0x018e                  _OC3R = 0x18e
                    0x0190                  OC3CON = 0x190
                    0x0190                  _OC3CON = 0x190
                    0x0190                  _OC3CONbits = 0x190
                    0x0192                  OC4RS = 0x192
                    0x0192                  _OC4RS = 0x192
                    0x0194                  OC4R = 0x194
                    0x0194                  _OC4R = 0x194
                    0x0196                  OC4CON = 0x196
                    0x0196                  _OC4CON = 0x196
                    0x0196                  _OC4CONbits = 0x196
                    0x0198                  OC5RS = 0x198
                    0x0198                  _OC5RS = 0x198
                    0x019a                  OC5R = 0x19a
                    0x019a                  _OC5R = 0x19a
                    0x019c                  OC5CON = 0x19c
                    0x019c                  _OC5CON = 0x19c
                    0x019c                  _OC5CONbits = 0x19c
                    0x019e                  OC6RS = 0x19e
                    0x019e                  _OC6RS = 0x19e
                    0x01a0                  OC6R = 0x1a0
                    0x01a0                  _OC6R = 0x1a0
                    0x01a2                  OC6CON = 0x1a2
                    0x01a2                  _OC6CON = 0x1a2
                    0x01a2                  _OC6CONbits = 0x1a2
                    0x01a4                  OC7RS = 0x1a4
                    0x01a4                  _OC7RS = 0x1a4
                    0x01a6                  OC7R = 0x1a6
                    0x01a6                  _OC7R = 0x1a6
                    0x01a8                  OC7CON = 0x1a8
                    0x01a8                  _OC7CON = 0x1a8
                    0x01a8                  _OC7CONbits = 0x1a8
                    0x01aa                  OC8RS = 0x1aa
                    0x01aa                  _OC8RS = 0x1aa
                    0x01ac                  OC8R = 0x1ac
                    0x01ac                  _OC8R = 0x1ac
                    0x01ae                  OC8CON = 0x1ae
                    0x01ae                  _OC8CON = 0x1ae
                    0x01ae                  _OC8CONbits = 0x1ae
                    0x0200                  I2CRCV = 0x200
                    0x0200                  _I2CRCV = 0x200
                    0x0200                  _I2CRCVbits = 0x200
                    0x0202                  I2CTRN = 0x202
                    0x0202                  _I2CTRN = 0x202
                    0x0202                  _I2CTRNbits = 0x202
                    0x0204                  I2CBRG = 0x204
                    0x0204                  _I2CBRG = 0x204
                    0x0204                  _I2CBRGbits = 0x204
                    0x0206                  I2CCON = 0x206
                    0x0206                  _I2CCON = 0x206
                    0x0206                  _I2CCONbits = 0x206
                    0x0208                  I2CSTAT = 0x208
                    0x0208                  _I2CSTAT = 0x208
                    0x0208                  _I2CSTATbits = 0x208
                    0x020a                  I2CADD = 0x20a
                    0x020a                  _I2CADD = 0x20a
                    0x020a                  _I2CADDbits = 0x20a
                    0x020c                  U1MODE = 0x20c
                    0x020c                  _U1MODE = 0x20c
                    0x020c                  _U1MODEbits = 0x20c
                    0x020e                  U1STA = 0x20e
                    0x020e                  _U1STA = 0x20e
                    0x020e                  _U1STAbits = 0x20e
                    0x0210                  U1TXREG = 0x210
                    0x0210                  _U1TXREG = 0x210
                    0x0210                  _U1TXREGbits = 0x210
                    0x0212                  U1RXREG = 0x212
                    0x0212                  _U1RXREG = 0x212
                    0x0212                  _U1RXREGbits = 0x212
                    0x0214                  U1BRG = 0x214
                    0x0214                  _U1BRG = 0x214
                    0x0216                  U2MODE = 0x216
                    0x0216                  _U2MODE = 0x216
                    0x0216                  _U2MODEbits = 0x216
                    0x0218                  U2STA = 0x218
                    0x0218                  _U2STA = 0x218
                    0x0218                  _U2STAbits = 0x218
                    0x021a                  U2TXREG = 0x21a
                    0x021a                  _U2TXREG = 0x21a
                    0x021a                  _U2TXREGbits = 0x21a
                    0x021c                  U2RXREG = 0x21c
                    0x021c                  _U2RXREG = 0x21c
                    0x021c                  _U2RXREGbits = 0x21c
                    0x021e                  U2BRG = 0x21e
                    0x021e                  _U2BRG = 0x21e
                    0x0220                  SPI1STAT = 0x220
                    0x0220                  _SPI1STAT = 0x220
                    0x0220                  _SPI1STATbits = 0x220
                    0x0222                  SPI1CON = 0x222
                    0x0222                  _SPI1CON = 0x222
                    0x0222                  _SPI1CONbits = 0x222
                    0x0224                  SPI1BUF = 0x224
                    0x0224                  _SPI1BUF = 0x224
                    0x0226                  SPI2STAT = 0x226
                    0x0226                  _SPI2STAT = 0x226
                    0x0226                  _SPI2STATbits = 0x226
                    0x0228                  SPI2CON = 0x228
                    0x0228                  _SPI2CON = 0x228
                    0x0228                  _SPI2CONbits = 0x228
                    0x022a                  SPI2BUF = 0x22a
                    0x022a                  _SPI2BUF = 0x22a
                    0x0240                  DCICON1 = 0x240
                    0x0240                  _DCICON1 = 0x240
                    0x0240                  _DCICON1bits = 0x240
                    0x0242                  DCICON2 = 0x242
                    0x0242                  _DCICON2 = 0x242
                    0x0242                  _DCICON2bits = 0x242
                    0x0244                  DCICON3 = 0x244
                    0x0244                  _DCICON3 = 0x244
                    0x0244                  _DCICON3bits = 0x244
                    0x0246                  DCISTAT = 0x246
                    0x0246                  _DCISTAT = 0x246
                    0x0246                  _DCISTATbits = 0x246
                    0x0248                  TSCON = 0x248
                    0x0248                  _TSCON = 0x248
                    0x0248                  _TSCONbits = 0x248
                    0x024c                  RSCON = 0x24c
                    0x024c                  _RSCON = 0x24c
                    0x024c                  _RSCONbits = 0x24c
                    0x0250                  RXBUF0 = 0x250
                    0x0250                  _RXBUF0 = 0x250
                    0x0252                  RXBUF1 = 0x252
                    0x0252                  _RXBUF1 = 0x252
                    0x0254                  RXBUF2 = 0x254
                    0x0254                  _RXBUF2 = 0x254
                    0x0256                  RXBUF3 = 0x256
                    0x0256                  _RXBUF3 = 0x256
                    0x0258                  TXBUF0 = 0x258
                    0x0258                  _TXBUF0 = 0x258
                    0x025a                  TXBUF1 = 0x25a
                    0x025a                  _TXBUF1 = 0x25a
                    0x025c                  TXBUF2 = 0x25c
                    0x025c                  _TXBUF2 = 0x25c
                    0x025e                  TXBUF3 = 0x25e
                    0x025e                  _TXBUF3 = 0x25e
                    0x0280                  ADCBUF0 = 0x280
                    0x0280                  _ADCBUF0 = 0x280
                    0x0282                  ADCBUF1 = 0x282
                    0x0282                  _ADCBUF1 = 0x282
                    0x0284                  ADCBUF2 = 0x284
                    0x0284                  _ADCBUF2 = 0x284
                    0x0286                  ADCBUF3 = 0x286
                    0x0286                  _ADCBUF3 = 0x286
                    0x0288                  ADCBUF4 = 0x288
                    0x0288                  _ADCBUF4 = 0x288
                    0x028a                  ADCBUF5 = 0x28a
                    0x028a                  _ADCBUF5 = 0x28a
                    0x028c                  ADCBUF6 = 0x28c
                    0x028c                  _ADCBUF6 = 0x28c
                    0x028e                  ADCBUF7 = 0x28e
                    0x028e                  _ADCBUF7 = 0x28e
                    0x0290                  ADCBUF8 = 0x290
                    0x0290                  _ADCBUF8 = 0x290
                    0x0292                  ADCBUF9 = 0x292
                    0x0292                  _ADCBUF9 = 0x292
                    0x0294                  ADCBUFA = 0x294
                    0x0294                  _ADCBUFA = 0x294
                    0x0296                  ADCBUFB = 0x296
                    0x0296                  _ADCBUFB = 0x296
                    0x0298                  ADCBUFC = 0x298
                    0x0298                  _ADCBUFC = 0x298
                    0x029a                  ADCBUFD = 0x29a
                    0x029a                  _ADCBUFD = 0x29a
                    0x029c                  ADCBUFE = 0x29c
                    0x029c                  _ADCBUFE = 0x29c
                    0x029e                  ADCBUFF = 0x29e
                    0x029e                  _ADCBUFF = 0x29e
                    0x02a0                  ADCON1 = 0x2a0
                    0x02a0                  _ADCON1 = 0x2a0
                    0x02a0                  _ADCON1bits = 0x2a0
                    0x02a2                  ADCON2 = 0x2a2
                    0x02a2                  _ADCON2 = 0x2a2
                    0x02a2                  _ADCON2bits = 0x2a2
                    0x02a4                  ADCON3 = 0x2a4
                    0x02a4                  _ADCON3 = 0x2a4
                    0x02a4                  _ADCON3bits = 0x2a4
                    0x02a6                  ADCHS = 0x2a6
                    0x02a6                  _ADCHS = 0x2a6
                    0x02a6                  _ADCHSbits = 0x2a6
                    0x02a8                  ADPCFG = 0x2a8
                    0x02a8                  _ADPCFG = 0x2a8
                    0x02a8                  _ADPCFGbits = 0x2a8
                    0x02aa                  ADCSSL = 0x2aa
                    0x02aa                  _ADCSSL = 0x2aa
                    0x02aa                  _ADCSSLbits = 0x2aa
                    0x02c0                  TRISA = 0x2c0
                    0x02c0                  _TRISA = 0x2c0
                    0x02c0                  _TRISAbits = 0x2c0
                    0x02c2                  PORTA = 0x2c2
                    0x02c2                  _PORTA = 0x2c2
                    0x02c2                  _PORTAbits = 0x2c2
                    0x02c4                  LATA = 0x2c4
                    0x02c4                  _LATA = 0x2c4
                    0x02c4                  _LATAbits = 0x2c4
                    0x02c6                  TRISB = 0x2c6
                    0x02c6                  _TRISB = 0x2c6
                    0x02c6                  _TRISBbits = 0x2c6
                    0x02c8                  PORTB = 0x2c8
                    0x02c8                  _PORTB = 0x2c8
                    0x02c8                  _PORTBbits = 0x2c8
                    0x02ca                  LATB = 0x2ca
                    0x02ca                  _LATB = 0x2ca
                    0x02ca                  _LATBbits = 0x2ca
                    0x02cc                  TRISC = 0x2cc
                    0x02cc                  _TRISC = 0x2cc
                    0x02cc                  _TRISCbits = 0x2cc
                    0x02ce                  PORTC = 0x2ce
                    0x02ce                  _PORTC = 0x2ce
                    0x02ce                  _PORTCbits = 0x2ce
                    0x02d0                  LATC = 0x2d0
                    0x02d0                  _LATC = 0x2d0
                    0x02d0                  _LATCbits = 0x2d0
                    0x02d2                  TRISD = 0x2d2
                    0x02d2                  _TRISD = 0x2d2
                    0x02d2                  _TRISDbits = 0x2d2
                    0x02d4                  PORTD = 0x2d4
                    0x02d4                  _PORTD = 0x2d4
                    0x02d4                  _PORTDbits = 0x2d4
                    0x02d6                  LATD = 0x2d6
                    0x02d6                  _LATD = 0x2d6
                    0x02d6                  _LATDbits = 0x2d6
                    0x02de                  TRISF = 0x2de
                    0x02de                  _TRISF = 0x2de
                    0x02de                  _TRISFbits = 0x2de
                    0x02e0                  PORTF = 0x2e0
                    0x02e0                  _PORTF = 0x2e0
                    0x02e0                  _PORTFbits = 0x2e0
                    0x02e2                  LATF = 0x2e2
                    0x02e2                  _LATF = 0x2e2
                    0x02e2                  _LATFbits = 0x2e2
                    0x02e4                  TRISG = 0x2e4
                    0x02e4                  _TRISG = 0x2e4
                    0x02e4                  _TRISGbits = 0x2e4
                    0x02e6                  PORTG = 0x2e6
                    0x02e6                  _PORTG = 0x2e6
                    0x02e6                  _PORTGbits = 0x2e6
                    0x02e8                  LATG = 0x2e8
                    0x02e8                  _LATG = 0x2e8
                    0x02e8                  _LATGbits = 0x2e8
                    0x0300                  C1RXF0SID = 0x300
                    0x0300                  _C1RXF0SID = 0x300
                    0x0300                  _C1RXF0SIDbits = 0x300
                    0x0302                  C1RXF0EIDH = 0x302
                    0x0302                  _C1RXF0EIDH = 0x302
                    0x0302                  _C1RXF0EIDHbits = 0x302
                    0x0304                  C1RXF0EIDL = 0x304
                    0x0304                  _C1RXF0EIDL = 0x304
                    0x0304                  _C1RXF0EIDLbits = 0x304
                    0x0308                  C1RXF1SID = 0x308
                    0x0308                  _C1RXF1SID = 0x308
                    0x0308                  _C1RXF1SIDbits = 0x308
                    0x030a                  C1RXF1EIDH = 0x30a
                    0x030a                  _C1RXF1EIDH = 0x30a
                    0x030a                  _C1RXF1EIDHbits = 0x30a
                    0x030c                  C1RXF1EIDL = 0x30c
                    0x030c                  _C1RXF1EIDL = 0x30c
                    0x030c                  _C1RXF1EIDLbits = 0x30c
                    0x0310                  C1RXF2SID = 0x310
                    0x0310                  _C1RXF2SID = 0x310
                    0x0310                  _C1RXF2SIDbits = 0x310
                    0x0312                  C1RXF2EIDH = 0x312
                    0x0312                  _C1RXF2EIDH = 0x312
                    0x0312                  _C1RXF2EIDHbits = 0x312
                    0x0314                  C1RXF2EIDL = 0x314
                    0x0314                  _C1RXF2EIDL = 0x314
                    0x0314                  _C1RXF2EIDLbits = 0x314
                    0x0318                  C1RXF3SID = 0x318
                    0x0318                  _C1RXF3SID = 0x318
                    0x0318                  _C1RXF3SIDbits = 0x318
                    0x031a                  C1RXF3EIDH = 0x31a
                    0x031a                  _C1RXF3EIDH = 0x31a
                    0x031a                  _C1RXF3EIDHbits = 0x31a
                    0x031c                  C1RXF3EIDL = 0x31c
                    0x031c                  _C1RXF3EIDL = 0x31c
                    0x031c                  _C1RXF3EIDLbits = 0x31c
                    0x0320                  C1RXF4SID = 0x320
                    0x0320                  _C1RXF4SID = 0x320
                    0x0320                  _C1RXF4SIDbits = 0x320
                    0x0322                  C1RXF4EIDH = 0x322
                    0x0322                  _C1RXF4EIDH = 0x322
                    0x0322                  _C1RXF4EIDHbits = 0x322
                    0x0324                  C1RXF4EIDL = 0x324
                    0x0324                  _C1RXF4EIDL = 0x324
                    0x0324                  _C1RXF4EIDLbits = 0x324
                    0x0328                  C1RXF5SID = 0x328
                    0x0328                  _C1RXF5SID = 0x328
                    0x0328                  _C1RXF5SIDbits = 0x328
                    0x032a                  C1RXF5EIDH = 0x32a
                    0x032a                  _C1RXF5EIDH = 0x32a
                    0x032a                  _C1RXF5EIDHbits = 0x32a
                    0x032c                  C1RXF5EIDL = 0x32c
                    0x032c                  _C1RXF5EIDL = 0x32c
                    0x032c                  _C1RXF5EIDLbits = 0x32c
                    0x0330                  C1RXM0SID = 0x330
                    0x0330                  _C1RXM0SID = 0x330
                    0x0330                  _C1RXM0SIDbits = 0x330
                    0x0332                  C1RXM0EIDH = 0x332
                    0x0332                  _C1RXM0EIDH = 0x332
                    0x0332                  _C1RXM0EIDHbits = 0x332
                    0x0334                  C1RXM0EIDL = 0x334
                    0x0334                  _C1RXM0EIDL = 0x334
                    0x0334                  _C1RXM0EIDLbits = 0x334
                    0x0338                  C1RXM1SID = 0x338
                    0x0338                  _C1RXM1SID = 0x338
                    0x0338                  _C1RXM1SIDbits = 0x338
                    0x033a                  C1RXM1EIDH = 0x33a
                    0x033a                  _C1RXM1EIDH = 0x33a
                    0x033a                  _C1RXM1EIDHbits = 0x33a
                    0x033c                  C1RXM1EIDL = 0x33c
                    0x033c                  _C1RXM1EIDL = 0x33c
                    0x033c                  _C1RXM1EIDLbits = 0x33c
                    0x0340                  C1TX2SID = 0x340
                    0x0340                  _C1TX2SID = 0x340
                    0x0340                  _C1TX2SIDbits = 0x340
                    0x0342                  C1TX2EID = 0x342
                    0x0342                  _C1TX2EID = 0x342
                    0x0342                  _C1TX2EIDbits = 0x342
                    0x0344                  C1TX2DLC = 0x344
                    0x0344                  _C1TX2DLC = 0x344
                    0x0344                  _C1TX2DLCbits = 0x344
                    0x0346                  C1TX2B1 = 0x346
                    0x0346                  _C1TX2B1 = 0x346
                    0x0346                  _C1TX2B1bits = 0x346
                    0x0348                  C1TX2B2 = 0x348
                    0x0348                  _C1TX2B2 = 0x348
                    0x0348                  _C1TX2B2bits = 0x348
                    0x034a                  C1TX2B3 = 0x34a
                    0x034a                  _C1TX2B3 = 0x34a
                    0x034a                  _C1TX2B3bits = 0x34a
                    0x034c                  C1TX2B4 = 0x34c
                    0x034c                  _C1TX2B4 = 0x34c
                    0x034c                  _C1TX2B4bits = 0x34c
                    0x034e                  C1TX2CON = 0x34e
                    0x034e                  _C1TX2CON = 0x34e
                    0x034e                  _C1TX2CONbits = 0x34e
                    0x0350                  C1TX1SID = 0x350
                    0x0350                  _C1TX1SID = 0x350
                    0x0350                  _C1TX1SIDbits = 0x350
                    0x0352                  C1TX1EID = 0x352
                    0x0352                  _C1TX1EID = 0x352
                    0x0352                  _C1TX1EIDbits = 0x352
                    0x0354                  C1TX1DLC = 0x354
                    0x0354                  _C1TX1DLC = 0x354
                    0x0354                  _C1TX1DLCbits = 0x354
                    0x0356                  C1TX1B1 = 0x356
                    0x0356                  _C1TX1B1 = 0x356
                    0x0356                  _C1TX1B1bits = 0x356
                    0x0358                  C1TX1B2 = 0x358
                    0x0358                  _C1TX1B2 = 0x358
                    0x0358                  _C1TX1B2bits = 0x358
                    0x035a                  C1TX1B3 = 0x35a
                    0x035a                  _C1TX1B3 = 0x35a
                    0x035a                  _C1TX1B3bits = 0x35a
                    0x035c                  C1TX1B4 = 0x35c
                    0x035c                  _C1TX1B4 = 0x35c
                    0x035c                  _C1TX1B4bits = 0x35c
                    0x035e                  C1TX1CON = 0x35e
                    0x035e                  _C1TX1CON = 0x35e
                    0x035e                  _C1TX1CONbits = 0x35e
                    0x0360                  C1TX0SID = 0x360
                    0x0360                  _C1TX0SID = 0x360
                    0x0360                  _C1TX0SIDbits = 0x360
                    0x0362                  C1TX0EID = 0x362
                    0x0362                  _C1TX0EID = 0x362
                    0x0362                  _C1TX0EIDbits = 0x362
                    0x0364                  C1TX0DLC = 0x364
                    0x0364                  _C1TX0DLC = 0x364
                    0x0364                  _C1TX0DLCbits = 0x364
                    0x0366                  C1TX0B1 = 0x366
                    0x0366                  _C1TX0B1 = 0x366
                    0x0366                  _C1TX0B1bits = 0x366
                    0x0368                  C1TX0B2 = 0x368
                    0x0368                  _C1TX0B2 = 0x368
                    0x0368                  _C1TX0B2bits = 0x368
                    0x036a                  C1TX0B3 = 0x36a
                    0x036a                  _C1TX0B3 = 0x36a
                    0x036a                  _C1TX0B3bits = 0x36a
                    0x036c                  C1TX0B4 = 0x36c
                    0x036c                  _C1TX0B4 = 0x36c
                    0x036c                  _C1TX0B4bits = 0x36c
                    0x036e                  C1TX0CON = 0x36e
                    0x036e                  _C1TX0CON = 0x36e
                    0x036e                  _C1TX0CONbits = 0x36e
                    0x0370                  C1RX1SID = 0x370
                    0x0370                  _C1RX1SID = 0x370
                    0x0370                  _C1RX1SIDbits = 0x370
                    0x0372                  C1RX1EID = 0x372
                    0x0372                  _C1RX1EID = 0x372
                    0x0372                  _C1RX1EIDbits = 0x372
                    0x0374                  C1RX1DLC = 0x374
                    0x0374                  _C1RX1DLC = 0x374
                    0x0374                  _C1RX1DLCbits = 0x374
                    0x0376                  C1RX1B1 = 0x376
                    0x0376                  _C1RX1B1 = 0x376
                    0x0376                  _C1RX1B1bits = 0x376
                    0x0378                  C1RX1B2 = 0x378
                    0x0378                  _C1RX1B2 = 0x378
                    0x0378                  _C1RX1B2bits = 0x378
                    0x037a                  C1RX1B3 = 0x37a
                    0x037a                  _C1RX1B3 = 0x37a
                    0x037a                  _C1RX1B3bits = 0x37a
                    0x037c                  C1RX1B4 = 0x37c
                    0x037c                  _C1RX1B4 = 0x37c
                    0x037c                  _C1RX1B4bits = 0x37c
                    0x037e                  C1RX1CON = 0x37e
                    0x037e                  _C1RX1CON = 0x37e
                    0x037e                  _C1RX1CONbits = 0x37e
                    0x0380                  C1RX0SID = 0x380
                    0x0380                  _C1RX0SID = 0x380
                    0x0380                  _C1RX0SIDbits = 0x380
                    0x0382                  C1RX0EID = 0x382
                    0x0382                  _C1RX0EID = 0x382